[vinija.ai/index.html]
[cdnjs.cloudflare.com/ajax/libs/font-awesome/4.7.0/css/font-awesome.min.css]
[vinija.ai/css/main_vin.css]
[backblue.gif]
[fade.gif]
[index.html]
[vinija.ai/recsys/index.html]
[vinija.ai/nlp/index.html]
[vinija.ai/concepts/index.html]
[vinija.ai/vision/index.html]
[vinija.ai/models/index.html]
[vinija.ai/multimodal/index.html]
[vinija.ai/CourseraML/index.html]
[vinija.ai/CourseraDL/index.html]
[vinija.ai/talks/index.html]
[vinija.ai/infra/index.html]
[vinija.ai/Assets/face.png]
[vinija.ai/privacy-policy.html]
[vinija.ai/fulfillment-policy.html]
[vinija.ai/index.html]
[cdnjs.cloudflare.com/ajax/libs/font-awesome/4.7.0/css/font-awesome.min.css]
[vinija.ai/css/main_vin.css]
[vinija.ai/css/main.css]
[vinija.ai/recsys/index-2.html]
[vinija.ai/feed.xml]
[vinija.ai/favicon.jpg]
[pagead2.googlesyndication.com/pagead/js/ff0a8.txt]
[unpkg.com/vanilla-back-to-top@7.2.1/dist/vanilla-back-to-top.min.js]
[vinija.ai/js/aman-search.min.js]
[vinija.ai/js/ap-style-title-case.js]
[vinija.ai/recsys/intro/index.html]
[vinija.ai/recsys/re-ranking/index.html]
[vinija.ai/recsys/candidate-gen/index.html]
[vinija.ai/recsys/ranking/index.html]
[vinija.ai/js/nanobar.min.js]
[vinija.ai/recsys/callibration/index.html]
[vinija.ai/js/mode-switcher.js]
[vinija.ai/recsys/architectures/index.html]
[vinija.ai/recsys/metrics/index.html]
[cdnjs.cloudflare.com/ajax/libs/mathjax/2.7.1/MathJaxdda6.js]
[vinija.ai/recsys/music-rec-pyspark/index.html]
[vinija.ai/recsys/search/index.html]
[vinija.ai/recsys/transformer/index.html]
[vinija.ai/recsys/moderation/index.html]
[vinija.ai/recsys/gnn/index.html]
[vinija.ai/recsys/challenges/index.html]
[vinija.ai/js/clipboard.min.js]
[vinija.ai/recsys/papers/index.html]
[vinija.ai/js/copy.js]
[vinija.ai/recsys/index.html]
[vinija.ai/nlp/index.html]
[vinija.ai/recsys/bias/index.html]
[vinija.ai/recsys/cold-start/index.html]
[vinija.ai/recsys/multi-armed-bandit/index.html]
[vinija.ai/recsys/multi-objective-optimization/index.html]
[vinija.ai/nlp/index-2.html]
[vinija.ai/vision/index.html]
[vinija.ai/concepts/index.html]
[vinija.ai/nlp/xLSTM/index.html]
[vinija.ai/models/index.html]
[vinija.ai/nlp/word-vectors/index.html]
[vinija.ai/nlp/parameter-efficient-fine-tuning/index.html]
[vinija.ai/multimodal/index.html]
[vinija.ai/nlp/RAG/index.html]
[vinija.ai/nlp/hypernetworks/index.html]
[vinija.ai/CourseraML/index.html]
[vinija.ai/nlp/embeddings/index.html]
[vinija.ai/CourseraDL/index.html]
[vinija.ai/nlp/context-length-extension/index.html]
[vinija.ai/nlp/personalize-LLMs/index.html]
[vinija.ai/nlp/prompt-engineering/index.html]
[vinija.ai/talks/assets/face.png]
[vinija.ai/talks/index.html]
[vinija.ai/nlp/nlp-tasks/index.html]
[vinija.ai/infra/index.html]
[vinija.ai/nlp/regularization/index.html]
[vinija.ai/nlp/neural-nets/index.html]
[vinija.ai/privacy-policy.html]
[vinija.ai/nlp/data-sampling/index.html]
[vinija.ai/fulfillment-policy.html]
[vinija.ai/nlp/language-model/index.html]
[vinija.ai/nlp/conversationalAI/index.html]
[vinija.ai/nlp/AIDetect/index.html]
[vinija.ai/recsys/index-2.html]
[vinija.ai/nlp/translation/index.html]
[vinija.ai/nlp/WSD/index.html]
[vinija.ai/nlp/hallucination/index.html]
[vinija.ai/css/main.css]
[vinija.ai/nlp/attention/index.html]
[vinija.ai/nlp/knowledge-graphs/index.html]
[vinija.ai/favicon.html]
[vinija.ai/nlp/architectures/index.html]
[vinija.ai/nlp/mixture-of-experts/index.html]
[vinija.ai/nlp/transformers/index.html]
[vinija.ai/nlp/preproc/index.html]
[vinija.ai/recsys/assets/recsys/0.jpg]
[vinija.ai/nlp/finetuning/index.html]
[vinija.ai/nlp/GenerativeAI/index.html]
[vinija.ai/recsys/assets/recsys/1.jpg]
[vinija.ai/nlp/tokenizer/index.html]
[vinija.ai/nlp/metrics/index.html]
[vinija.ai/recsys/assets/candgen/Indeed.jpg]
[vinija.ai/vision/vision/index.html]
[vinija.ai/concepts/index-2.html]
[vinija.ai/concepts/reinforcement-finetuning/index.html]
[vinija.ai/recsys/assets/candgen/2x2.jpg]
[vinija.ai/concepts/loss/index.html]
[vinija.ai/recsys/assets/candgen/4x4.webp]
[vinija.ai/concepts/activation/index.html]
[vinija.ai/concepts/metrics/index.html]
[vinija.ai/recsys/assets/candgen/Examples.webp]
[vinija.ai/recsys/intro/index.html]
[vinija.ai/concepts/model-compression/index.html]
[vinija.ai/concepts/EM/index.html]
[vinija.ai/recsys/assets/recsys/11.jpg]
[vinija.ai/concepts/ensemble/index.html]
[vinija.ai/concepts/grad-accum-checkpoint/index.html]
[vinija.ai/recsys/assets/architectures/1.webp]
[vinija.ai/concepts/llm-alignment/index.html]
[vinija.ai/recsys/assets/candgen/2.png]
[vinija.ai/concepts/debugML/index.html]
[vinija.ai/concepts/ml-comp/index.html]
[vinija.ai/recsys/assets/candgen/3.webp]
[vinija.ai/concepts/dl-comp/index.html]
[vinija.ai/recsys/assets/recsys/17.jpg]
[vinija.ai/concepts/gnn/index.html]
[vinija.ai/concepts/token-sampling/index.html]
[vinija.ai/recsys/assets/recsys/18.jpg]
[vinija.ai/concepts/detectAI/index.html]
[vinija.ai/recsys/assets/recsys/19.png]
[vinija.ai/concepts/how-to/index.html]
[vinija.ai/recsys/assets/recsys/22.jpg]
[vinija.ai/concepts/LLMOps/index.html]
[vinija.ai/recsys/assets/recsys/23.jpg]
[vinija.ai/models/index-2.html]
[vinija.ai/models/allenai-Tulu3/index.html]
[vinija.ai/recsys/assets/recsys/cf_feats.jpg]
[vinija.ai/models/alibaba-Qwen2point5/index.html]
[vinija.ai/models/deepseek-R1/index.html]
[vinija.ai/models/deepseek-janus-pro/index.html]
[vinija.ai/recsys/assets/recsys/1Dmatrix.svg]
[vinija.ai/models/TaskMatrix/index.html]
[vinija.ai/recsys/assets/recsys/1D.svg]
[vinija.ai/models/LLM/index.html]
[vinija.ai/models/Transformers/index.html]
[vinija.ai/recsys/assets/recsys/2D.svg]
[vinija.ai/models/gpt/index.html]
[vinija.ai/recsys/assets/recsys/12.jpg]
[vinija.ai/models/bert/index.html]
[vinija.ai/models/diffusion-models/index.html]
[vinija.ai/recsys/assets/recsys/2Dmatrix.svg]
[vinija.ai/recsys/assets/recsys/mf.svg]
[vinija.ai/models/chatGPT/index.html]
[vinija.ai/models/CLIP/index.html]
[vinija.ai/recsys/assets/recsys/mf.jpg]
[vinija.ai/models/Bard/index.html]
[vinija.ai/recsys/assets/recsys/sq_dist_observed.jpg]
[vinija.ai/models/LLaMA/index.html]
[vinija.ai/models/visualChatGPT/index.html]
[vinija.ai/recsys/assets/recsys/sq_dist_all.jpg]
[vinija.ai/models/Toolformer/index.html]
[vinija.ai/recsys/assets/recsys/combined.jpg]
[vinija.ai/models/GPT4/index.html]
[vinija.ai/recsys/assets/recsys/13.jpg]
[vinija.ai/multimodal/index-2.html]
[vinija.ai/recsys/assets/recsys/14.jpg]
[vinija.ai/multimodal/intro/index.html]
[vinija.ai/multimodal/challenges/index.html]
[vinija.ai/recsys/assets/candgen/1.svg]
[vinija.ai/CourseraML/index-2.html]
[vinija.ai/CourseraML/supervised-ml/index.html]
[vinija.ai/recsys/assets/candgen/tt.jpg]
[vinija.ai/CourseraML/advanced-algos/index.html]
[vinija.ai/primers/ai/ann-similarity-search]
[vinija.ai/CourseraML/unsupervised-ml/index.html]
[vinija.ai/CourseraDL/index-2.html]
[vinija.ai/recsys/assets/recsys/2Dretrieval.svg]
[vinija.ai/CourseraDL/neural-networks-and-deep-learning/index.html]
[vinija.ai/recsys/assets/candgen/4.png]
[vinija.ai/CourseraDL/improving-deep-neural-networks/index.html]
[vinija.ai/recsys/candidate-gen/index.html]
[vinija.ai/CourseraDL/structuring-machine-learning-projects/index.html]
[vinija.ai/CourseraDL/convolutional-neural-networks/index.html]
[vinija.ai/CourseraDL/sequence-models/index.html]
[vinija.ai/recsys/assets/ranking/1.png]
[vinija.ai/talks/index-2.html]
[vinija.ai/infra/index-2.html]
[vinija.ai/infra/kinesis/index.html]
[vinija.ai/recsys/assets/ranking/instagram-architecture.gif]
[vinija.ai/infra/kafkastream/index.html]
[vinija.ai/infra/flink/index.html]
[vinija.ai/recsys/assets/ranking/3.png]
[vinija.ai/infra/sparkstream/index.html]
[vinija.ai/recsys/assets/ranking/4.png]
[vinija.ai/infra/glue/index.html]
[vinija.ai/infra/emr/index.html]
[vinija.ai/recsys/assets/recsys/pos_bias.svg]
[vinija.ai/infra/sagemaker/index.html]
[vinija.ai/infra/mlflow/index.html]
[vinija.ai/infra/kubeflow/index.html]
[vinija.ai/recsys/assets/ranking/production.jpg]
[vinija.ai/infra/docker/index.html]
[vinija.ai/primers/ai/model-compression]
[vinija.ai/infra/kubernetes/index.html]
[vinija.ai/recsys/assets/ranking/5.png]
[vinija.ai/recsys/ranking/index.html]
[vinija.ai/recsys/assets/ranking/youtube-ranking.jpg]
[vinija.ai/recsys/assets/ranking/youtube-retrieval.jpg]
[vinija.ai/recsys/assets/ranking/tencent-overall-system.jpg]
[vinija.ai/recsys/re-ranking/index.html]
[vinija.ai/recsys/callibration/index.html]
[vinija.ai/recsys/assets/architectures/CTR.jpg]
[vinija.ai/recsys/assets/architectures/wd.webp]
[vinija.ai/recsys/assets/architectures/Cross.gif]
[vinija.ai/images/papers/Wide&Deep2.jpg]
[vinija.ai/images/papers/Wide&Deep.jpg]
[vinija.ai/recsys/assets/architectures/4.jpg]
[vinija.ai/recsys/assets/architectures/FM.jpg]
[vinija.ai/recsys/assets/architectures/dfm.webp]
[vinija.ai/recsys/assets/architectures/5.webp]
[vinija.ai/images/papers/NCF.jpg]
[vinija.ai/recsys/assets/architectures/i1cross.png]
[vinija.ai/recsys/assets/architectures/dc.webp]
[vinija.ai/images/papers/autoint.png]
[vinija.ai/images/papers/autoint2.jpg]
[vinija.ai/recsys/assets/architectures/aint2.webp]
[vinija.ai/recsys/architectures/](https_/arxiv.org/abs/1906.00091)]
[vinija.ai/images/papers/dlrm.jpg]
[vinija.ai/images/papers/dlrm2.jpg]
[vinija.ai/images/papers/DCNV2_2.jpg]
[vinija.ai/images/papers/DCNV2_1.jpg]
[vinija.ai/images/papers/DHEN.jpg]
[vinija.ai/images/papers/DHEN2.jpg]
[vinija.ai/images/papers/GDCN1.jpg]
[vinija.ai/images/papers/GDCN2.jpg]
[vinija.ai/recsys/assets/architectures/2.webp]
[vinija.ai/recsys/GNN/index-2.html]
[vinija.ai/recsys/assets/architectures/3.webp]
[vinija.ai/recsys/architectures/index.html]
[vinija.ai/recsys/search/index.html]
[vinija.ai/recsys/assets/recsys/arch.png]
[vinija.ai/recsys/music-rec-pyspark/index.html]
[vinija.ai/recsys/assets/metrics/MRR.jpg]
[vinija.ai/recsys/assets/metrics/mAP.jpg]
[vinija.ai/recsys/assets/metrics/pred_ranking.jpg]
[vinija.ai/recsys/assets/metrics/ideal_ranking.jpg]
[vinija.ai/recsys/assets/metrics/PR_at_k.jpg]
[vinija.ai/recsys/assets/metrics/MRR-limitation.jpg]
[vinija.ai/recsys/metrics/index.html]
[vinija.ai/recsys/assets/moderation/1.webp]
[vinija.ai/recsys/assets/moderation/2.webp]
[vinija.ai/recsys/moderation/index.html]
[vinija.ai/recsys/gnn/index.html]
[vinija.ai/recsys/assets/transformer/1.png]
[vinija.ai/recsys/assets/transformer/2.png]
[vinija.ai/recsys/assets/transformer/3.png]
[vinija.ai/recsys/transformer/index.html]
[vinija.ai/recsys/challenges/index.html]
[vinija.ai/recsys/assets/papers/apple.png]
[vinija.ai/recsys/assets/papers/12.png]
[vinija.ai/recsys/assets/papers/13.png]
[vinija.ai/recsys/assets/papers/6.png]
[vinija.ai/recsys/assets/papers/5.png]
[vinija.ai/recsys/assets/papers/7.png]
[vinija.ai/recsys/assets/papers/8.png]
[vinija.ai/recsys/assets/papers/9.png]
[vinija.ai/recsys/assets/papers/10.png]
[vinija.ai/recsys/assets/papers/11.png]
[vinija.ai/recsys/assets/papers/1.jpg]
[vinija.ai/recsys/assets/papers/2.png]
[vinija.ai/recsys/assets/papers/3.png]
[vinija.ai/recsys/assets/papers/4.png]
[vinija.ai/recsys/assets/papers/14.png]
[vinija.ai/recsys/assets/papers/15.png]
[vinija.ai/recsys/assets/papers/16.png]
[vinija.ai/recsys/assets/papers/17.png]
[vinija.ai/recsys/assets/papers/18.png]
[vinija.ai/recsys/papers/(https_/arxiv.org/abs/2208.12724.pdf)]
[vinija.ai/recsys/papers/assets/papers/30.jpg]
[vinija.ai/recsys/papers/assets/papers/31.jpg]
[vinija.ai/recsys/papers/index.html]
[vinija.ai/recsys/assets/posBias/1.jpg]
[vinija.ai/recsys/assets/posBias/2.jpg]
[vinija.ai/recsys/bias/index.html]
[vinija.ai/primers/ai/bert]
[vinija.ai/recsys/assets/coldStart/1.png]
[vinija.ai/recsys/cold-start/index.html]
[vinija.ai/primers/ai/reinforcement-learning]
[vinija.ai/recsys/assets/multiarm/1.png]
[vinija.ai/recsys/assets/multiarm/2.png]
[vinija.ai/recsys/assets/multiarm/EG.png]
[vinija.ai/recsys/assets/multiarm/TS.png]
[vinija.ai/recsys/assets/multiarm/UCB.png]
[vinija.ai/recsys/assets/multiarm/nflx2.jpg]
[vinija.ai/recsys/assets/multiarm/nflx.jpg]
[vinija.ai/recsys/assets/multiarm/UCB-ALP.jpg]
[vinija.ai/recsys/assets/multiarm/3.png]
[vinija.ai/recsys/assets/multiarm/4.png]
[vinija.ai/recsys/multi-armed-bandit/index.html]
[vinija.ai/recsys/assets/multiobject/1.png]
[vinija.ai/recsys/multi-objective-optimization/index.html]
[vinija.ai/nlp/index-2.html]
[vinija.ai/nlp/assets/XLSTM/1.png]
[vinija.ai/nlp/assets/XLSTM/2.png]
[vinija.ai/nlp/xLSTM/index.html]
[vinija.ai/nlp/word-vectors//bert]
[vinija.ai/nlp/assets/intro/14.jpg]
[vinija.ai/nlp/assets/intro/11.jpg]
[vinija.ai/nlp/assets/intro/12.jpg]
[vinija.ai/nlp/assets/intro/13.jpg]
[vinija.ai/papers/index.html]
[vinija.ai/nlp/assets/intro/16.jpg]
[vinija.ai/nlp/assets/intro/15.jpg]
[vinija.ai/nlp/word-vectors/index.html]
[vinija.ai/nlp/assets/parameter-efficient-fine-tuning/peftOverview.png]
[vinija.ai/nlp/assets/parameter-efficient-fine-tuning/PromptTuning.jpg]
[vinija.ai/nlp/assets/parameter-efficient-fine-tuning/Prefix-Tuning.jpg]
[vinija.ai/nlp/assets/parameter-efficient-fine-tuning/prefixtuningraschka.png]
[vinija.ai/nlp/assets/parameter-efficient-fine-tuning/adapterraschka.png]
[vinija.ai/nlp/assets/parameter-efficient-fine-tuning/adapter.jpg]
[vinija.ai/nlp/assets/parameter-efficient-fine-tuning/Llamaadapter.png]
[vinija.ai/nlp/assets/parameter-efficient-fine-tuning/lora2.png]
[vinija.ai/nlp/assets/parameter-efficient-fine-tuning/lora.jpg]
[vinija.ai/nlp/assets/parameter-efficient-fine-tuning/1.png]
[vinija.ai/nlp/assets/parameter-efficient-fine-tuning/2.png]
[vinija.ai/nlp/assets/parameter-efficient-fine-tuning/QLoRA.jpg]
[vinija.ai/nlp/assets/parameter-efficient-fine-tuning/3.png]
[vinija.ai/nlp/parameter-efficient-fine-tuning/assets/parameter-efficient-fine-tuning/LoRAoverview.jpeg]
[vinija.ai/nlp/assets/parameter-efficient-fine-tuning/peft.jpg]
[vinija.ai/nlp/parameter-efficient-fine-tuning/index.html]
[vinija.ai/nlp/assets/LLMtune/1.jpg]
[vinija.ai/nlp/assets/RAG/3.png]
[vinija.ai/images/papers/RAGvsFT.jpg]
[vinija.ai/nlp/assets/LLM/superlinked.jpg]
[vinija.ai/nlp/assets/LLM/VDBFeatureMatrix.jpg]
[vinija.ai/nlp/assets/RAG/4.png]
[vinija.ai/nlp/RAG/assets/RAG/semc.jpg]
[vinija.ai/nlp/assets/RAG/RetrieverEnsembling.jpg]
[vinija.ai/nlp/RAG/assets/RAG/chunking-strategies.png]
[vinija.ai/nlp/RAG/assets/RAG/[ColPali](https_/arxiv.org/abs/2407.01449).jpg]
[vinija.ai/nlp/assets/RAG/9.png]
[vinija.ai/nlp/assets/RAG/10.png]
[vinija.ai/nlp/assets/RAG/11.png]
[vinija.ai/nlp/assets/RAG/6.png]
[vinija.ai/nlp/assets/RAG/12.png]
[vinija.ai/nlp/RAG/assets/RAG/contextual-retrieval.jpg]
[vinija.ai/nlp/ann-similarity-search]
[vinija.ai/images/papers/LostMiddle2.jpeg]
[vinija.ai/images/papers/LostMiddle1.jpg]
[vinija.ai/images/papers/LostMiddle.jpg]
[vinija.ai/nlp/assets/RAG/GPT4_haystack.jpg]
[vinija.ai/nlp/assets/RAG/Claude_haystack.jpg]
[vinija.ai/nlp/assets/RAG/Claude_context.jpg]
[vinija.ai/nlp/assets/RAG/Claude_haystack1.jpg]
[vinija.ai/nlp/assets/RAG/RAGAS_Metrics.jpg]
[vinija.ai/nlp/assets/RAG/5.png]
[vinija.ai/nlp/assets/RAG/7.png]
[vinija.ai/nlp/assets/RAG/MMRAG.jpg]
[vinija.ai/nlp/assets/RAG/MMRAG2.gif]
[vinija.ai/nlp/assets/agents/Single_Agent_RAG_System_Router.png]
[vinija.ai/nlp/assets/agents/Multi_Agent_RAG_System.png]
[vinija.ai/nlp/RAG/assets/RAG/AgenticRAG.jpg]
[vinija.ai/nlp/assets/RAG/2.png]
[vinija.ai/images/papers/RAG.jpg]
[vinija.ai/images/papers/ARAG.jpg]
[vinija.ai/images/papers/MuRAG.jpg]
[vinija.ai/images/papers/HyDE.jpg]
[vinija.ai/images/papers/FTorRAG.jpg]
[vinija.ai/images/papers/DXR.jpg]
[vinija.ai/images/papers/DXR2.jpg]
[vinija.ai/images/papers/ARES.jpg]
[vinija.ai/images/papers/RAG7.jpg]
[vinija.ai/images/papers/RAPTOR.jpg]
[vinija.ai/images/papers/MultiHop-RAG.jpg]
[vinija.ai/images/papers/RAGvsFT2.jpg]
[vinija.ai/images/papers/RAFT.jpg]
[vinija.ai/images/papers/RAFT2.jpg]
[vinija.ai/images/papers/CRAG.jpg]
[vinija.ai/images/papers/FTvsRAG.jpg]
[vinija.ai/images/papers/HGOT.jpg]
[vinija.ai/images/papers/RAGfaithful.jpg]
[vinija.ai/images/papers/Adaptive-RAG.jpg]
[vinija.ai/images/papers/RichRAG.jpg]
[vinija.ai/images/papers/HiQA.jpg]
[vinija.ai/nlp/RAG/index.html]
[vinija.ai/nlp/hypernetworks/parameter-efficient-fine-tuning]
[vinija.ai/nlp/assets/hypernets/2.png]
[vinija.ai/nlp/assets/hypernets/1.png]
[vinija.ai/nlp/hypernetworks/index.html]
[vinija.ai/nlp/assets/intro/russianDoll.jpg]
[vinija.ai/nlp/embeddings/index.html]
[vinija.ai/nlp/assets/context-length/2.jpg]
[vinija.ai/nlp/assets/context-length/1.png]
[vinija.ai/nlp/assets/context-length/3.png]
[vinija.ai/nlp/assets/context-length/4.png]
[vinija.ai/nlp/context-length-extension/index.html]
[vinija.ai/concepts/prompt-engineering]
[vinija.ai/nlp/assets/LLMtune/LLMtune1.webp]
[vinija.ai/nlp/assets/LLMtune/RAG.webp]
[vinija.ai/nlp/assets/LLMtune/PEFT.webp]
[vinija.ai/nlp/assets/LLMtune/finetune.webp]
[vinija.ai/nlp/personalize-LLMs/index.html]
[vinija.ai/nlp/assets/prompt/cot.png]
[vinija.ai/nlp/assets/prompt/auto-cot.png]
[vinija.ai/nlp/assets/prompt/ToT1.webp]
[vinija.ai/nlp/assets/prompt/ToT2.webp]
[vinija.ai/nlp/assets/prompt/ToT3.webp]
[vinija.ai/nlp/assets/prompt/GoT.jpg]
[vinija.ai/images/papers/CoVe.jpg]
[vinija.ai/nlp/assets/prompt/react.png]
[vinija.ai/nlp/assets/prompt/table1.png]
[vinija.ai/nlp/assets/prompt/alfworld.png]
[vinija.ai/nlp/assets/prompt/active-prompt.png]
[vinija.ai/nlp/assets/prompt/1.png]
[vinija.ai/nlp/assets/prompt/APE.png]
[vinija.ai/nlp/assets/prompt/ape-zero-shot-cot.png]
[vinija.ai/nlp/assets/prompt/ART.png]
[vinija.ai/nlp/assets/prompt/ART2.png]
[vinija.ai/nlp/assets/prompt/rag.png]
[vinija.ai/primers/ai/assets/RAG/GPT4_haystack.jpg]
[vinija.ai/primers/ai/assets/RAG/Claude_haystack.jpg]
[vinija.ai/primers/ai/assets/RAG/Claude_haystack1.jpg]
[vinija.ai/images/papers/CoN1.jpg]
[vinija.ai/images/papers/CoN2.jpg]
[vinija.ai/images/papers/CoK.jpg]
[vinija.ai/images/papers/CoK2.jpg]
[vinija.ai/images/papers/SCoT.jpg]
[vinija.ai/images/papers/CCoT.jpg]
[vinija.ai/images/papers/S2A_2.jpg]
[vinija.ai/images/papers/S2A.jpg]
[vinija.ai/images/papers/EmotionPrompt1.jpg]
[vinija.ai/images/papers/EmotionPrompt2.jpg]
[vinija.ai/images/papers/ThoT.jpg]
[vinija.ai/images/papers/ThoT2.jpg]
[vinija.ai/images/papers/RAR.jpg]
[vinija.ai/nlp/prompt-engineering/index.html]
[vinija.ai/nlp/assets/7.jpg]
[vinija.ai/nlp/assets/35.jpg]
[vinija.ai/nlp/nlp-tasks/index.html]
[vinija.ai/nlp/assets/8.jpg]
[vinija.ai/nlp/assets/10.jpg]
[vinija.ai/nlp/assets/11.jpg]
[vinija.ai/nlp/assets/12.jpg]
[vinija.ai/nlp/assets/27.jpg]
[vinija.ai/nlp/neural-nets/index.html]
[vinija.ai/nlp/regularization/index.html]
[vinija.ai/nlp/data-sampling/index.html]
[vinija.ai/nlp/assets/9.jpg]
[vinija.ai/nlp/assets/32.jpg]
[vinija.ai/nlp/language-model/index.html]
[vinija.ai/nlp/assets/AIDetect/1.png]
[vinija.ai/nlp/assets/AIDetect/detectgpt-1.png]
[vinija.ai/nlp/assets/AIDetect/2.png]
[vinija.ai/nlp/AIDetect/index.html]
[vinija.ai/nlp/conversationalAI/index.html]
[vinija.ai/nlp/translation/index.html]
[vinija.ai/nlp/WSD/index.html]
[vinija.ai/nlp/assets/hallucination/hallu.png]
[vinija.ai/nlp/assets/hallucination/2.png]
[vinija.ai/nlp/hallucination/index.html]
[vinija.ai/nlp/assets/attention/seq2seq.jpg]
[vinija.ai/nlp/assets/attention/seq2seq_long_sentences.png]
[vinija.ai/nlp/assets/attention/seq2seq_with_attention.png]
[vinija.ai/nlp/assets/13.jpg]
[vinija.ai/nlp/assets/14.jpg]
[vinija.ai/nlp/assets/attention/attention_seq2seq_context.jpg]
[vinija.ai/nlp/assets/attention/attention_seq2seq_context_with_attention.jpg]
[vinija.ai/nlp/assets/attention/alignment_scores.png]
[vinija.ai/nlp/assets/18.jpg]
[vinija.ai/nlp/assets/15.jpg]
[vinija.ai/nlp/assets/16.jpg]
[vinija.ai/nlp/assets/19.jpg]
[vinija.ai/nlp/assets/20.jpg]
[vinija.ai/nlp/assets/17.jpg]
[vinija.ai/nlp/attention/(https_/eugeneyan.com/writing/attention/)]
[vinija.ai/nlp/attention/index.html]
[vinija.ai/nlp/assets/28.jpg]
[vinija.ai/nlp/assets/29.jpg]
[vinija.ai/nlp/assets/30.jpg]
[vinija.ai/nlp/assets/31.jpg]
[vinija.ai/nlp/knowledge-graphs/index.html]
[vinija.ai/nlp/assets/architectures/1.webp]
[vinija.ai/nlp/assets/architectures/lstm.webp]
[vinija.ai/transformers]
[vinija.ai/assets/interview/resnet.jpeg]
[vinija.ai/nlp/architectures/index.html]
[vinija.ai/nlp/assets/mixture-of-experts/MoE_overview.jpg]
[vinija.ai/nlp/assets/mixture-of-experts/clustr.jpg]
[vinija.ai/nlp/assets/mixture-of-experts/hoe.gif]
[vinija.ai/nlp/assets/mixture-of-experts/moe.jpg]
[vinija.ai/nlp/assets/mixture-of-experts/impl.jpg]
[vinija.ai/images/papers/Router.jpg]
[vinija.ai/images/papers/MoE.jpg]
[vinija.ai/images/papers/V-MoE.jpg]
[vinija.ai/images/papers/MMoE.jpg]
[vinija.ai/images/papers/MOEIT.jpg]
[vinija.ai/images/papers/Soft-Experts.jpg]
[vinija.ai/images/papers/Soft-Experts2.jpg]
[vinija.ai/images/papers/Soft-Experts3.jpg]
[vinija.ai/images/papers/SwitchT.jpg]
[vinija.ai/images/papers/QMoE.jpg]
[vinija.ai/images/papers/MegaBlocks.jpg]
[vinija.ai/images/papers/MoE-LLaVA.jpg]
[vinija.ai/images/papers/MOLE.jpg]
[vinija.ai/images/papers/MOLE2.jpg]
[vinija.ai/images/papers/JetMoE.jpg]
[vinija.ai/nlp/GPT-4]
[vinija.ai/nlp/assets/mixture-of-experts/MoEexperts.jpg]
[vinija.ai/nlp/assets/LLM/MMoE.jpg]
[vinija.ai/nlp/mixture-of-experts/index.html]
[vinija.ai/nlp/transformers/assets/transformers/rnn-transf-nlp.jpg]
[vinija.ai/assets/transformers/3.png]
[vinija.ai/assets/transformers/4.png]
[vinija.ai/assets/transformers/2.png]
[vinija.ai/assets/transformers/5.png]
[vinija.ai/nlp/assets/transformers/1.jpg]
[vinija.ai/nlp/assets/transformers/2.jpg]
[vinija.ai/nlp/assets/transformers/3.jpg]
[vinija.ai/nlp/assets/transformers/4.jpg]
[vinija.ai/nlp/assets/transformers/5.jpg]
[vinija.ai/nlp/assets/transformers/6.jpg]
[vinija.ai/nlp/transformers/assets/transformers/7.jpg]
[vinija.ai/nlp/transformers/assets/transformers/8.jpg]
[vinija.ai/nlp/transformers/assets/transformers/9.jpg]
[vinija.ai/nlp/transformers/assets/transformers/10.jpg]
[vinija.ai/nlp/transformers/assets/transformers/11.jpg]
[vinija.ai/nlp/assets/transformers/12.jpg]
[vinija.ai/nlp/transformers/assets/transformers/13.jpg]
[vinija.ai/nlp/transformers/assets/transformers/14.jpg]
[vinija.ai/nlp/assets/transformers/15.jpg]
[vinija.ai/nlp/transformers/assets/transformers/16.jpg]
[vinija.ai/nlp/transformers/assets/transformers/17.jpg]
[vinija.ai/nlp/transformers/assets/transformers/18.jpg]
[vinija.ai/nlp/transformers/assets/transformers/19.jpg]
[vinija.ai/nlp/transformers/assets/transformers/20.jpg]
[vinija.ai/nlp/transformers/assets/transformers/21.jpg]
[vinija.ai/nlp/transformers/assets/transformers/22.jpg]
[vinija.ai/nlp/transformers/assets/transformers/attn.jpg]
[vinija.ai/nlp/transformers/assets/transformers/23.jpg]
[vinija.ai/nlp/transformers/assets/transformers/24.jpg]
[vinija.ai/nlp/assets/transformers/25.jpg]
[vinija.ai/nlp/assets/transformers/26.jpg]
[vinija.ai/nlp/assets/transformers/27.jpg]
[vinija.ai/nlp/assets/transformers/28.jpg]
[vinija.ai/nlp/transformers/assets/transformers/FF.jpg]
[vinija.ai/nlp/transformers/assets/transformers/transformer_decoding_1.gif]
[vinija.ai/nlp/transformers/assets/transformers/transformer_decoder_output_softmax.png]
[vinija.ai/nlp/transformers/assets/transformers/transformer_decoding_2.gif]
[vinija.ai/nlp/transformers/assets/transformers/30.jpg]
[vinija.ai/nlp/transformers/assets/transformers/31.jpg]
[vinija.ai/nlp/transformers/assets/transformers/32.jpg]
[vinija.ai/nlp/transformers/assets/transformers/EMBED.jpg]
[vinija.ai/nlp/transformers/assets/transformers/34a.jpg]
[vinija.ai/nlp/transformers/assets/transformers/PE.jpg]
[vinija.ai/nlp/transformers/assets/transformers/36a.jpg]
[vinija.ai/nlp/transformers/assets/transformers/37a.jpg]
[vinija.ai/nlp/transformers/assets/transformers/41.jpg]
[vinija.ai/nlp/transformers/assets/transformers/42.jpg]
[vinija.ai/nlp/transformers/assets/transformers/bow.webp]
[vinija.ai/nlp/transformers/assets/transformers/cbow.png]
[vinija.ai/nlp/transformers/assets/transformers/selfattn.jpeg]
[vinija.ai/nlp/transformers/assets/transformers/attention-block.jpg]
[vinija.ai/nlp/transformers/assets/transformers/44.jpg]
[vinija.ai/nlp/transformers/assets/transformers/45.jpg]
[vinija.ai/assets/transformers/1.png]
[vinija.ai/nlp/transformers/assets/transformers/MHSA.jpg]
[vinija.ai/nlp/transformers/assets/transformers/gpt2-self-attention-3.png]
[vinija.ai/nlp/transformers/assets/transformers/KVCache.jpeg]
[vinija.ai/nlp/model-acceleration]
[jalammar.github.io/images/gpt2/gpt2-self-attention-split-attention-heads-1.png]
[vinija.ai/nlp/transformers/assets/transformers/43.jpg]
[vinija.ai/nlp/transformers/assets/transformers/CA.jpg]
[vinija.ai/nlp/transformers/assets/transformers/SKIP.jpg]
[vinija.ai/nlp/transformers/assets/transformers/47.jpg]
[vinija.ai/nlp/transformers/assets/transformers/48.jpg]
[vinija.ai/nlp/norm]
[vinija.ai/nlp/transformers/assets/transformers/DEEMBED.jpg]
[vinija.ai/nlp/transformers/assets/transformers/49.jpg]
[vinija.ai/nlp/autoregressive-vs-autoencoder-models]
[vinija.ai/nlp/assets/transformers/50.png]
[vinija.ai/nlp/transformers/assets/transformers/encoder-decoder.jpg]
[vinija.ai/nlp/transformers/assets/transformers/encoder-decoder-dair1.jpg]
[vinija.ai/nlp/transformers/assets/transformers/encoder-decoder-dair2.jpeg]
[vinija.ai/nlp/transformers/assets/transformers/model-arch.png]
[vinija.ai/nlp/transformers/assets/transformers/overall.jpeg]
[vinija.ai/nlp/transformers/assets/transformers/sf330.jpeg]
[vinija.ai/nlp/transformers/assets/transformers/transformer-block.png]
[vinija.ai/nlp/transformers/assets/transformers/gnn-social-network.jpeg]
[vinija.ai/nlp/transformers/assets/transformers/gnn-block.jpg]
[vinija.ai/nlp/transformers/assets/transformers/gnn-nlp.jpeg]
[vinija.ai/nlp/gnns]
[vinija.ai/nlp/transformers/assets/inductive-bias/ib.jpg]
[vinija.ai/nlp/transformers/assets/transformers/syntax-tree.jpg]
[vinija.ai/nlp/transformers/assets/transformers/long-term-depend.png]
[vinija.ai/nlp/transformers/assets/transformers/attention-heads.png]
[vinija.ai/nlp/transformers/assets/transformers/choose.jpeg]
[vinija.ai/nlp/transformers/assets/transformers/illustration.jpeg]
[vinija.ai/nlp/transformers/assets/transformers/math.png]
[vinija.ai/nlp/transformers/assets/transformers/code.jpeg]
[vinija.ai/nlp/transformers/assets/transformers/code-tf.jpg]
[vinija.ai/nlp/transformers/assets/transformers/paper.jpeg]
[vinija.ai/nlp/transformers/assets/transformers/hf.jpeg]
[vinija.ai/nlp/transformers/assets/transformers/inferenceA.jpg]
[vinija.ai/nlp/transformers/assets/transformers/taxonomy.jpg]
[vinija.ai/nlp/transformers/assets/transformers/JayModyGPT60.jpg]
[vinija.ai/nlp/transformers/assets/transformers/x-transformers.jpg]
[vinija.ai/nlp/transformers/assets/transformers/KVcache.jpg]
[vinija.ai/nlp/transformers/assets/transformers/TransformerPoster.jpg]
[vinija.ai/nlp/transformers/index.html]
[vinija.ai/nlp/preproc/index.html]
[vinija.ai/nlp/assets/finetuning/4.webp]
[vinija.ai/nlp/assets/finetuning/1.webp]
[vinija.ai/nlp/assets/finetuning/2.webp]
[vinija.ai/parameter-efficient-fine-tuning]
[vinija.ai/nlp/assets/finetuning/ift.png]
[vinija.ai/nlp/assets/finetuning/6.png]
[vinija.ai/nlp/concepts/RLHF]
[vinija.ai/nlp/assets/finetuning/7.png]
[vinija.ai/nlp/assets/finetuning/Bert.png]
[vinija.ai/nlp/assets/finetuning/5.png]
[vinija.ai/nlp/finetuning/index.html]
[vinija.ai/nlp/assets/generativeAI/1.svg]
[vinija.ai/models/diffusion.md]
[vinija.ai/models/gpt.md]
[vinija.ai/nlp/GenerativeAI/index.html]
[vinija.ai/nlp/assets/tokenizer/1.png]
[vinija.ai/nlp/tokenizer/index.html]
[vinija.ai/nlp/metrics/index.html]
[vinija.ai/vision/vision/assets/vision/1.png]
[vinija.ai/vision/vision/index.html]
[vinija.ai/concepts/index-2.html]
[vinija.ai/concepts/assets/RFT/WhenToUseRFT.webp]
[vinija.ai/concepts/assets/RFT/TritonDatasetExample.jpg]
[vinija.ai/concepts/assets/RFT/TrainingLoopDiagram.jpg]
[vinija.ai/concepts/assets/RFT/SystemUserMessagesExample.jpg]
[vinija.ai/concepts/assets/RFT/FormattingRewardExample.jpg]
[vinija.ai/concepts/assets/RFT/CompilationSuccessCheck.jpg]
[vinija.ai/concepts/assets/RFT/CorrectnessEvaluationExample.jpg]
[vinija.ai/concepts/assets/RFT/AntiHackingDetection.jpg]
[vinija.ai/concepts/assets/RFT/TrainingProgressGraphs1.jpg]
[vinija.ai/concepts/assets/RFT/TrainingProgressGraphs2.jpg]
[vinija.ai/concepts/reinforcement-finetuning/assets/RFT/WhenToUseRFT.jpg]
[vinija.ai/concepts/reinforcement-finetuning/index.html]
[vinija.ai/concepts/assets/loss/23.png]
[vinija.ai/concepts/assets/loss/mlc.png]
[vinija.ai/concepts/assets/loss/2.jpg]
[vinija.ai/concepts/assets/loss/sigmoid_CE_pipeline.png]
[vinija.ai/concepts/assets/loss/8.jpg]
[vinija.ai/concepts/assets/loss/softmax_CE_pipeline.png]
[vinija.ai/concepts/assets/loss/5.jpg]
[vinija.ai/concepts/assets/loss/11.jpg]
[vinija.ai/concepts/assets/loss/convex.webp]
[vinija.ai/concepts/loss/www.evergreeninnovations.co]
[vinija.ai/concepts/assets/loss/huber.png]
[vinija.ai/concepts/assets/loss/pairwise_ranking_loss_faces.png]
[vinija.ai/concepts/assets/loss/triplet_loss_faces.png]
[vinija.ai/concepts/assets/loss/21.jpg]
[vinija.ai/concepts/assets/loss/conloss.png]
[vinija.ai/concepts/loss/index.html]
[vinija.ai/concepts/assets/activation/1.png]
[vinija.ai/concepts/assets/activation/3.png]
[vinija.ai/concepts/assets/activation/2.png]
[vinija.ai/concepts/assets/activation/5.png]
[vinija.ai/concepts/assets/activation/4.png]
[vinija.ai/concepts/assets/activation/7.png]
[vinija.ai/concepts/assets/activation/6.png]
[vinija.ai/concepts/assets/activation/8.png]
[vinija.ai/concepts/assets/activation/9.png]
[vinija.ai/concepts/activation/index.html]
[vinija.ai/concepts/metrics/index.html]
[vinija.ai/concepts/assets/model-compression/comp.jpg]
[vinija.ai/concepts/assets/model-compression/ieee_formats.webp]
[vinija.ai/concepts/assets/model-compression/archquant.jpg]
[vinija.ai/concepts/assets/model-compression/perfres.jpg]
[vinija.ai/concepts/assets/model-compression/cvmodelacc.jpg]
[vinija.ai/concepts/assets/model-compression/speechnlpmodelacc.jpg]
[vinija.ai/concepts/assets/model-compression/modeldist.jpg]
[vinija.ai/concepts/assets/model-compression/1.jpg]
[vinija.ai/concepts/assets/model-compression/kd.gif]
[vinija.ai/concepts/model-compression/ons. One of the most]
[vinija.ai/concepts/assets/model-compression/mpt.avif]
[vinija.ai/concepts/assets/model-compression/tensor.avif]
[vinija.ai/concepts/assets/model-compression/ops_widest.avif]
[vinija.ai/concepts/assets/model-compression/autocast_f32.avif]
[vinija.ai/concepts/assets/model-compression/amp_time.avif]
[vinija.ai/concepts/assets/model-compression/amp_mem.avif]
[vinija.ai/concepts/assets/model-compression/inf-opt.jpg]
[vinija.ai/concepts/model-compression/index.html]
[vinija.ai/concepts/assets/EM/EM.gif]
[vinija.ai/concepts/EM/index.html]
[vinija.ai/concepts/assets/fundamentals/8.png]
[vinija.ai/concepts/assets/interview/trees.jpg]
[vinija.ai/concepts/ensemble/index.html]
[vinija.ai/concepts/assets/grad-accum-checkpoint/1.png]
[vinija.ai/concepts/grad-accum-checkpoint/index.html]
[vinija.ai/concepts/assets/rlhf/1.png]
[vinija.ai/concepts/assets/rlhf/openAI.png]
[vinija.ai/concepts/assets/rlhf/chip.jpg]
[vinija.ai/concepts/assets/rlhf/6.png]
[vinija.ai/concepts/assets/rlhf/llama.jpg]
[vinija.ai/images/papers/DPO.jpg]
[vinija.ai/concepts/assets/rlhf/14.png]
[vinija.ai/images/papers/InstructGPT.jpg]
[vinija.ai/images/papers/CAI.jpg]
[vinija.ai/images/papers/CAI2.jpg]
[vinija.ai/images/papers/RLAIF.jpg]
[vinija.ai/images/papers/ReST.jpg]
[vinija.ai/images/papers/BHD.jpg]
[vinija.ai/images/papers/Diffusion-DPO.jpg]
[vinija.ai/images/papers/HALO.jpg]
[vinija.ai/images/papers/GPO.jpg]
[vinija.ai/images/papers/GPO_2.jpg]
[vinija.ai/images/papers/ICDPO.jpg]
[vinija.ai/concepts/llm-alignment/assets/LLM/Alignment.jpg]
[vinija.ai/concepts/llm-alignment/index.html]
[vinija.ai/concepts/assets/learning/3.webp]
[vinija.ai/concepts/assets/learning/1.jpg]
[vinija.ai/concepts/assets/learning/2.jpg]
[vinija.ai/concepts/debugML/index.html]
[vinija.ai/concepts/assets/ml-comp/8.png]
[vinija.ai/concepts/assets/ml-comp/1.jpg]
[vinija.ai/concepts/assets/ml-comp/2.jpg]
[vinija.ai/concepts/svm-kernel-trick]
[vinija.ai/concepts/assets/ml-comp/3.jpg]
[vinija.ai/concepts/assets/ml-comp/svms.jpg]
[vinija.ai/concepts/assets/interview/svmkt.jpg]
[vinija.ai/concepts/assets/ml-comp/5.jpg]
[vinija.ai/concepts/assets/ml-comp/4.jpg]
[vinija.ai/concepts/assets/ml-comp/9.png]
[vinija.ai/concepts/ml-comp/assets/ml-comp/10.png]
[vinija.ai/concepts/assets/ml-comp/7.png]
[vinija.ai/concepts/ml-comp/index.html]
[vinija.ai/concepts/assets/dl-comp/fcn.png]
[vinija.ai/concepts/assets/dl-comp/1.jpg]
[vinija.ai/concepts/assets/dl-comp/2.jpg]
[vinija.ai/concepts/assets/dl-comp/3.jpg]
[vinija.ai/concepts/assets/dl-comp/ti.png]
[vinija.ai/concepts/assets/dl-comp/4.jpg]
[vinija.ai/concepts/assets/dl-comp/5.jpg]
[vinija.ai/concepts/assets/dl-comp/11.jpg]
[vinija.ai/concepts/assets/dl-comp/6.jpg]
[vinija.ai/concepts/assets/dl-comp/7.jpg]
[vinija.ai/concepts/assets/dl-comp/9.jpg]
[vinija.ai/concepts/assets/dl-comp/8.jpg]
[vinija.ai/concepts/assets/dl-comp/10.jpg]
[vinija.ai/concepts/assets/dl-comp/12.jpg]
[vinija.ai/concepts/assets/dl-comp/13.jpg]
[vinija.ai/concepts/assets/dl-comp/14.jpg]
[vinija.ai/concepts/dl-comp/assets/inductive-bias/ib.jpg]
[vinija.ai/concepts/dl-comp/index.html]
[vinija.ai/concepts/gnn/assets/gnns/gnn.jpeg]
[vinija.ai/concepts/gnn/assets/gnns/1.png]
[vinija.ai/concepts/assets/gnns/8.webp]
[vinija.ai/concepts/gnn/assets/gnns/6.gif]
[vinija.ai/concepts/gnn/assets/gnns/7.jpeg]
[vinija.ai/concepts/gnn/assets/gnns/2.webp]
[vinija.ai/concepts/gnn/assets/gnns/3.webp]
[vinija.ai/concepts/gnn/assets/gnns/4.webp]
[vinija.ai/concepts/gnn/assets/gnns/5.webp]
[vinija.ai/concepts/gnn/index.html]
[vinija.ai/concepts/assets/token-sampling/ar.jpg]
[vinija.ai/concepts/assets/token-sampling/Softmax.jpg]
[vinija.ai/concepts/assets/token-sampling/T.jpg]
[vinija.ai/concepts/assets/token-sampling/2.png]
[vinija.ai/concepts/assets/token-sampling/1.png]
[vinija.ai/concepts/assets/token-sampling/5.png]
[vinija.ai/concepts/assets/token-sampling/6.png]
[vinija.ai/concepts/assets/token-sampling/7.png]
[vinija.ai/concepts/assets/token-sampling/3.png]
[vinija.ai/concepts/assets/token-sampling/nucleus.jpg]
[vinija.ai/concepts/assets/token-sampling/4.png]
[vinija.ai/concepts/assets/token-sampling/API.jpg]
[vinija.ai/concepts/token-sampling/index.html]
[vinija.ai/concepts/assets/detect/1.png]
[vinija.ai/concepts/assets/detect/3.png]
[vinija.ai/concepts/assets/detect/2.png]
[vinija.ai/concepts/assets/detect/4.png]
[vinija.ai/concepts/assets/detect/5.png]
[vinija.ai/concepts/assets/detect/6.png]
[vinija.ai/concepts/assets/detect/7.png]
[vinija.ai/concepts/detectAI/index.html]
[vinija.ai/concepts/assets/howto/1.png]
[vinija.ai/concepts/assets/howto/2.png]
[vinija.ai/concepts/assets/howto/3.png]
[vinija.ai/concepts/assets/howto/4.png]
[vinija.ai/concepts/how-to/index.html]
[vinija.ai/concepts/assets/llmops/1.png]
[vinija.ai/concepts/assets/llmops/2.png]
[vinija.ai/concepts/assets/llmops/3.png]
[vinija.ai/concepts/assets/llmops/4.png]
[vinija.ai/concepts/assets/llmops/5.png]
[vinija.ai/concepts/assets/llmops/6.png]
[vinija.ai/concepts/LLMOps/index.html]
[vinija.ai/models/index-2.html]
[vinija.ai/models/assets/Tulu3/1.png]
[vinija.ai/models/assets/Tulu3/2.png]
[vinija.ai/models/allenai-Tulu3/index.html]
[vinija.ai/models/alibaba-Qwen2point5/index.html]
[vinija.ai/models/assets/DeepSeek/mtp.png]
[vinija.ai/models/assets/DeepSeek/2.png]
[vinija.ai/models/llm-alignment/index.html]
[vinija.ai/models/assets/DeepSeek/3.png]
[vinija.ai/models/assets/DeepSeek/1.png]
[vinija.ai/models/assets/DeepSeek/AvgResponseLength.jpg]
[vinija.ai/models/assets/DeepSeek/AIME-DeepSeek-R1-Zero.jpg]
[vinija.ai/models/assets/DeepSeek/prompt-template.jpg]
[vinija.ai/models/assets/DeepSeek/reasoningLLM.png]
[vinija.ai/images/papers/Sky-T1.jpg]
[vinija.ai/images/papers/Kimi-K1.5.jpg]
[vinija.ai/models/assets/DeepSeek/open-r1-steps.png]
[vinija.ai/models/deepseek-R1/index.html]
[vinija.ai/models/assets/Janus/1.png]
[vinija.ai/models/assets/Janus/2.png]
[vinija.ai/models/deepseek-janus-pro/index.html]
[vinija.ai/models/autoregressive-vs-autoencoder-models]
[vinija.ai/models/transformers/index-2.html]
[vinija.ai/models/assets/LLM/dotp.png]
[vinija.ai/models/tokenizer]
[vinija.ai/models/transformers]
[vinija.ai/models/token-sampling]
[vinija.ai/models/prompt-engineering]
[vinija.ai/models/assets/LLM/1.png]
[vinija.ai/models/assets/LLM/2.png]
[vinija.ai/models/assets/LLM/RAG.png]
[vinija.ai/models/assets/LLM/RAG.webp]
[vinija.ai/models/assets/LLM/superlinked.jpg]
[vinija.ai/models/assets/LLM/VDBFeatureMatrix.jpg]
[vinija.ai/models/context-length-extension]
[vinija.ai/models/LLM/assets/RAG/GPT4_haystack.jpg]
[vinija.ai/models/LLM/assets/RAG/Claude_haystack.jpg]
[vinija.ai/models/LLM/assets/RAG/Claude_context.jpg]
[vinija.ai/models/LLM/assets/RAG/Claude_haystack1.jpg]
[vinija.ai/models/LLM/assets/RAG/RAGvsUltraLongContext.jpeg]
[vinija.ai/models/assets/LLM/alibi.png]
[vinija.ai/models/assets/LLM/fullAttention.png]
[vinija.ai/models/assets/LLM/sparseattention.png]
[vinija.ai/models/assets/LLM/flashAttention.png]
[vinija.ai/models/assets/LLM/dbca.jpg]
[vinija.ai/models/assets/LLM/th1.png]
[vinija.ai/models/assets/LLM/th2.png]
[vinija.ai/models/RAG]
[vinija.ai/models/assets/LLM/LLM.jpg]
[vinija.ai/images/papers/MT-Bench.jpg]
[vinija.ai/models/assets/LLM/ChatbotArena.jpg]
[vinija.ai/models/assets/LLM/MTEB.jpg]
[vinija.ai/models/assets/LLM/MTEB2.jpg]
[vinija.ai/models/assets/LLM/BigCode.jpg]
[vinija.ai/models/assets/LLM/VLMEvalKit.jpg]
[vinija.ai/models/assets/LLM/LLMSafety.jpg]
[vinija.ai/models/assets/LLM/AlpacaEval.jpg]
[vinija.ai/models/assets/LLM/HallucinationL2.jpg]
[vinija.ai/models/assets/LLM/LLM-Perf.jpg]
[vinija.ai/models/assets/LLM/HallucinationL.jpg]
[vinija.ai/models/assets/LLM/YALL.jpg]
[vinija.ai/models/assets/LLM/AA.jpg]
[vinija.ai/models/assets/LLM/Martian.jpg]
[vinija.ai/models/assets/LLM/Enterprise.jpg]
[vinija.ai/models/LLM/(https_/blog.gopenai.com/how-to-speed-up-llms-and-use-100k-context-window-all-tricks-in-one-place-ffd40577b4c)]
[vinija.ai/models/assets/LLM/Ropescale.webp]
[vinija.ai/images/papers/RMT1T.jpg]
[vinija.ai/images/papers/Hyena.jpg]
[vinija.ai/images/papers/LongNet.jpg]
[vinija.ai/images/papers/PI.jpg]
[vinija.ai/models/assets/LLM/cw.jpg]
[vinija.ai/models/llama]
[vinija.ai/images/papers/GAtt.jpg]
[vinija.ai/images/papers/Llama2RLHF.jpeg]
[vinija.ai/images/papers/Llama2.jpg]
[vinija.ai/images/papers/Llama_overv.jpeg]
[vinija.ai/images/papers/LLama2Summ.jpeg]
[vinija.ai/models/GPT-4]
[vinija.ai/models/assets/LLM/claude3.webp]
[vinija.ai/models/assets/LLM/RefinedWeb.jpg]
[vinija.ai/models/assets/LLM/RefinedWeb2.jpg]
[vinija.ai/models/assets/LLM/falcon.jpg]
[vinija.ai/images/papers/Pythia.jpg]
[vinija.ai/images/papers/Textbooks.jpg]
[vinija.ai/models/assets/LLM/attention_local.webp]
[vinija.ai/images/papers/SlidingWindowAttention.jpg]
[vinija.ai/images/papers/Mixtral.jpg]
[vinija.ai/models/assets/LLM/zephyr.png]
[vinija.ai/models/assets/LLM/Alignment.jpg]
[vinija.ai/models/assets/LLM/YI.png]
[vinija.ai/images/papers/Starling.jpg]
[vinija.ai/images/papers/NexusRaven1.jpg]
[vinija.ai/images/papers/NexusRaven2.jpg]
[vinija.ai/images/papers/Llama-Guard.jpg]
[vinija.ai/images/papers/OpenChat.jpg]
[vinija.ai/images/papers/phi-1.5.jpg]
[vinija.ai/images/papers/Phi-2.jpg]
[vinija.ai/images/papers/LLM360.jpg]
[vinija.ai/models/LLM/assets/LLM/DBRX.jpg]
[vinija.ai/models/assets/LLM/Jamba1.jpg]
[vinija.ai/models/assets/LLM/Jamba2.jpg]
[vinija.ai/models/assets/LLM/WizardLM-2.png]
[vinija.ai/images/papers/Gemini1.jpg]
[vinija.ai/images/papers/Gemini2.jpg]
[vinija.ai/images/papers/Gemini3.jpg]
[vinija.ai/images/papers/Gemini4.jpg]
[vinija.ai/images/papers/Gemini5.jpg]
[vinija.ai/images/papers/Gemma.jpg]
[vinija.ai/images/papers/Med-PaLM2.jpg]
[vinija.ai/images/papers/MediTron.jpg]
[vinija.ai/images/papers/Tamil-LLaMA.jpg]
[vinija.ai/images/papers/Tamil-LLaMA2.jpg]
[vinija.ai/images/papers/Airavata.jpg]
[vinija.ai/models/assets/LLM/SQLCoder.png]
[vinija.ai/images/papers/OSS-INSTRUCT1.jpg]
[vinija.ai/images/papers/OSS-INSTRUCT2.jpg]
[vinija.ai/images/papers/AlphaCode2.jpg]
[vinija.ai/models/assets/LLM/langchain.jpg]
[vinija.ai/models/assets/LLM/langchaincomp.jpg]
[vinija.ai/models/assets/LLM/langchain2.jpg]
[vinija.ai/models/assets/LLM/LlamaIndex.jpg]
[vinija.ai/models/assets/LLM/flowise.gif]
[vinija.ai/models/assets/LLM/ragas.png]
[vinija.ai/models/assets/LLM/LLaMA2-Accessory.png]
[vinija.ai/models/assets/LLM/LLaMA-Factory.jpg]
[vinija.ai/models/assets/LLM/GPTCache.jpg]
[vinija.ai/models/assets/LLM/Watchful.png]
[vinija.ai/models/assets/LLM/LLMgofast.jpg]
[vinija.ai/models/LLM/index.html]
[vinija.ai/models/assets/taskmatrix/1.png]
[vinija.ai/models/rlhf]
[vinija.ai/models/VisualChatGPT]
[vinija.ai/models/assets/taskmatrix/2.png]
[vinija.ai/models/assets/taskmatrix/3.png]
[vinija.ai/models/assets/taskmatrix/4.png]
[vinija.ai/models/assets/taskmatrix/5.png]
[vinija.ai/models/assets/taskmatrix/6.png]
[vinija.ai/models/TaskMatrix/index.html]
[vinija.ai/models/assets/transformers/3.png]
[vinija.ai/models/assets/transformers/4.png]
[vinija.ai/models/assets/transformers/2.png]
[vinija.ai/models/assets/transformers/5.png]
[vinija.ai/models/assets/transformers/1.png]
[vinija.ai/models/assets/transformers/7.png]
[vinija.ai/models/assets/transformers/6.png]
[vinija.ai/models/Transformers/index.html]
[vinija.ai/models/assets/gpt/1.jpg]
[vinija.ai/models/assets/gpt/0.jpg]
[vinija.ai/models/assets/gpt/2.png]
[vinija.ai/models/assets/gpt/3.jpg]
[vinija.ai/models/assets/gpt/4.png]
[vinija.ai/models/assets/gpt/5.png]
[vinija.ai/models/gpt/index.html]
[vinija.ai/models/bert/h]
[vinija.ai/models/assets/bert/bert_gpt_elmo.png]
[vinija.ai/models/assets/bert/masking.png]
[vinija.ai/models/assets/bert/nextsentence.png]
[vinija.ai/models/assets/bert/embeddings.jpg]
[vinija.ai/models/assets/bert/results.png]
[vinija.ai/models/assets/bert/image1.png]
[vinija.ai/models/assets/bert/results.jpg]
[vinija.ai/models/bert/assets/bert/goog_bert.jpeg]
[vinija.ai/images/read/bert_first.jpg]
[vinija.ai/models/bert/index.html]
[vinija.ai/models/assets/diffusion-models/diff14.png]
[vinija.ai/models/assets/diffusion-models/dalle2.png]
[vinija.ai/models/assets/diffusion-models/1.jpg]
[vinija.ai/models/assets/diffusion-models/diff3.png]
[vinija.ai/models/assets/diffusion-models/diff4.png]
[vinija.ai/models/assets/diffusion-models/diff5.png]
[vinija.ai/models/assets/diffusion-models/diff6.png]
[vinija.ai/models/assets/diffusion-models/diff1.png]
[vinija.ai/models/assets/diffusion-models/diff2.png]
[vinija.ai/models/assets/diffusion-models/diff3.jpg]
[vinija.ai/models/assets/diffusion-models/4.jpg]
[vinija.ai/models/assets/diffusion-models/5.jpg]
[vinija.ai/models/assets/diffusion-models/diff7.png]
[vinija.ai/models/assets/diffusion-models/diff8.png]
[vinija.ai/models/assets/diffusion-models/diff9.jpg]
[vinija.ai/models/assets/diffusion-models/diff10.jpg]
[vinija.ai/models/assets/diffusion-models/diff11.png]
[vinija.ai/models/assets/diffusion-models/20.jpg]
[vinija.ai/models/assets/diffusion-models/22.jpg]
[vinija.ai/models/assets/diffusion-models/23.jpg]
[vinija.ai/models/assets/diffusion-models/24.jpg]
[vinija.ai/models/assets/diffusion-models/25.jpg]
[vinija.ai/models/assets/diffusion-models/27.jpg]
[vinija.ai/models/assets/diffusion-models/diffusion-sweater.gif]
[vinija.ai/models/assets/diffusion-models/diff12.png]
[vinija.ai/models/assets/diffusion-models/diff13.gif]
[vinija.ai/models/assets/diffusion-models/hf1.jpg]
[vinija.ai/models/assets/diffusion-models/7.jpg]
[vinija.ai/models/assets/diffusion-models/10.jpg]
[vinija.ai/models/assets/diffusion-models/11.png]
[vinija.ai/models/assets/diffusion-models/12.png]
[vinija.ai/models/assets/diffusion-models/13.png]
[vinija.ai/models/assets/diffusion-models/14.png]
[vinija.ai/models/assets/diffusion-models/15.png]
[vinija.ai/models/assets/diffusion-models/16.png]
[vinija.ai/models/assets/diffusion-models/28.jpg]
[vinija.ai/models/assets/diffusion-models/midjourney.jpg]
[vinija.ai/models/assets/diffusion-models/midjourney2.jpg]
[vinija.ai/models/assets/diffusion-models/8.jpg]
[vinija.ai/models/assets/diffusion-models/9.jpg]
[vinija.ai/models/assets/diffusion-models/17.jpg]
[vinija.ai/images/papers/LatentDiffusionModel.png]
[vinija.ai/images/papers/DiT.jpg]
[vinija.ai/images/papers/DeepFloydIF2.jpg]
[vinija.ai/images/papers/DeepFloydIF.jpg]
[vinija.ai/images/papers/PIXART.jpg]
[vinija.ai/images/papers/RAPHAEL.jpg]
[vinija.ai/images/papers/ERNIE-ViLG2.jpg]
[vinija.ai/images/papers/ImagenVideo.jpg]
[vinija.ai/images/papers/NaViT.jpg]
[vinija.ai/images/papers/SDXL.jpg]
[vinija.ai/images/papers/Dreamix1.jpg]
[vinija.ai/images/papers/Dreamix2.jpg]
[vinija.ai/images/papers/SVD.jpg]
[vinija.ai/models/assets/diffusion-models/jay_sd.jpg]
[vinija.ai/models/assets/diffusion-models/tutorial.jpg]
[vinija.ai/models/assets/diffusion-models/annotated_df.jpg]
[vinija.ai/models/assets/diffusion-models/lillog_diff.jpg]
[vinija.ai/models/assets/diffusion-models/stable_diff_what_why.jpg]
[vinija.ai/models/assets/diffusion-models/stable_diff_latent.jpg]
[vinija.ai/models/assets/diffusion-models/diffusion-explainer.jpg]
[vinija.ai/models/assets/diffusion-models/sgm.jpg]
[vinija.ai/models/diffusion-models/index.html]
[vinija.ai/models/assets/chatgpt/2.png]
[vinija.ai/models/assets/chatgpt/1.png]
[vinija.ai/models/assets/chatgpt/4.png]
[vinija.ai/models/assets/chatgpt/6.png]
[vinija.ai/models/chatGPT/index.html]
[vinija.ai/models/assets/clip/1.png]
[vinija.ai/models/assets/clip/5.png]
[vinija.ai/models/assets/clip/2.png]
[vinija.ai/models/assets/clip/7.png]
[vinija.ai/models/assets/clip/3.png]
[vinija.ai/models/assets/clip/4.jpg]
[vinija.ai/models/assets/clip/10.png]
[vinija.ai/models/assets/clip/11.png]
[vinija.ai/models/assets/clip/8.png]
[vinija.ai/models/assets/clip/9.png]
[vinija.ai/models/CLIP/index.html]
[vinija.ai/models/assets/bard/1.png]
[vinija.ai/models/assets/bard/2.png]
[vinija.ai/models/Bard/index.html]
[vinija.ai/models/assets/llama/1.png]
[vinija.ai/models/assets/llama/2.jpg]
[vinija.ai/models/assets/llama/3.jpg]
[vinija.ai/models/LLaMA/index.html]
[vinija.ai/models/assets/visualchatgpt/1.png]
[vinija.ai/models/assets/visualchatgpt/2.png]
[vinija.ai/models/assets/visualchatgpt/4.png]
[vinija.ai/models/assets/visualchatgpt/5.png]
[vinija.ai/models/visualChatGPT/index.html]
[vinija.ai/models/Toolformer/(https_/arxiv.org/pdf/2302.04761.pdf)]
[vinija.ai/models/assets/toolformer/1.png]
[vinija.ai/models/assets/toolformer/2.png]
[vinija.ai/models/assets/toolformer/3.png]
[vinija.ai/models/assets/toolformer/4.png]
[vinija.ai/models/assets/toolformer/5.png]
[vinija.ai/models/assets/toolformer/6.png]
[vinija.ai/models/assets/toolformer/7.png]
[vinija.ai/models/assets/toolformer/8.png]
[vinija.ai/models/assets/toolformer/9.png]
[vinija.ai/models/assets/toolformer/10.png]
[vinija.ai/models/assets/toolformer/11.png]
[vinija.ai/models/Toolformer/index.html]
[vinija.ai/models/assets/gpt4/9.png]
[vinija.ai/models/assets/gpt4/7.png]
[vinija.ai/models/assets/gpt4/8.png]
[vinija.ai/models/assets/gpt4/2.png]
[vinija.ai/models/assets/gpt4/1.png]
[vinija.ai/models/assets/gpt4/5.png]
[vinija.ai/models/assets/gpt4/3.png]
[vinija.ai/models/assets/gpt4/6.png]
[vinija.ai/models/assets/gpt4/10.png]
[vinija.ai/models/GPT4/index.html]
[vinija.ai/multimodal/index-2.html]
[vinija.ai/multimodal/assets/1.jpg]
[vinija.ai/multimodal/assets/2.jpg]
[vinija.ai/multimodal/assets/3.jpg]
[vinija.ai/multimodal/assets/4.jpg]
[vinija.ai/multimodal/assets/5.jpg]
[vinija.ai/multimodal/assets/6.jpg]
[vinija.ai/multimodal/assets/7.jpg]
[vinija.ai/multimodal/assets/8.jpg]
[vinija.ai/multimodal/assets/9.jpg]
[vinija.ai/multimodal/assets/10.jpg]
[vinija.ai/multimodal/assets/11.jpg]
[vinija.ai/multimodal/intro/index.html]
[vinija.ai/multimodal/assets/19.png]
[vinija.ai/multimodal/assets/14.png]
[vinija.ai/multimodal/assets/13.jpg]
[vinija.ai/multimodal/assets/20.png]
[vinija.ai/multimodal/assets/15.png]
[vinija.ai/multimodal/assets/21.png]
[vinija.ai/multimodal/assets/22.png]
[vinija.ai/multimodal/assets/23.png]
[vinija.ai/multimodal/assets/24.png]
[vinija.ai/multimodal/assets/25.png]
[vinija.ai/multimodal/challenges/index.html]
[vinija.ai/CourseraML/index-2.html]
[vinija.ai/CourseraML/assets/supervised-ml/1.jpg]
[vinija.ai/CourseraML/assets/supervised-ml/2.jpg]
[vinija.ai/CourseraML/assets/supervised-ml/5.jpg]
[vinija.ai/CourseraML/assets/supervised-ml/6.jpg]
[vinija.ai/CourseraML/assets/supervised-ml/12.jpg]
[vinija.ai/CourseraML/assets/supervised-ml/7.jpg]
[vinija.ai/CourseraML/assets/supervised-ml/8.jpg]
[vinija.ai/CourseraML/assets/supervised-ml/9.jpg]
[vinija.ai/CourseraML/assets/supervised-ml/13.jpg]
[vinija.ai/CourseraML/assets/supervised-ml/22.jpg]
[vinija.ai/CourseraML/supervised-ml/assets/fundamentals/1.webp]
[vinija.ai/CourseraML/supervised-ml/assets/fundamentals/2.png]
[vinija.ai/CourseraML/supervised-ml/assets/interview/gd.jpeg]
[vinija.ai/CourseraML/assets/supervised-ml/14.jpg]
[vinija.ai/CourseraML/assets/supervised-ml/10.jpg]
[vinija.ai/CourseraML/assets/supervised-ml/11.jpg]
[vinija.ai/CourseraML/assets/supervised-ml/3.jpg]
[vinija.ai/CourseraML/assets/supervised-ml/4.jpg]
[vinija.ai/CourseraML/assets/supervised-ml/15.jpg]
[vinija.ai/CourseraML/assets/supervised-ml/16.jpg]
[vinija.ai/CourseraML/assets/supervised-ml/17.jpg]
[vinija.ai/CourseraML/assets/supervised-ml/18.jpg]
[vinija.ai/CourseraML/assets/supervised-ml/19.jpg]
[vinija.ai/CourseraML/assets/supervised-ml/20.jpg]
[vinija.ai/CourseraML/supervised-ml/index.html]
[vinija.ai/CourseraML/assets/advanced-algos/1.jpg]
[vinija.ai/CourseraML/assets/advanced-algos/2.jpg]
[vinija.ai/CourseraML/assets/advanced-algos/3.jpg]
[vinija.ai/CourseraML/assets/advanced-algos/4.jpg]
[vinija.ai/CourseraML/assets/advanced-algos/5.jpg]
[vinija.ai/CourseraML/assets/advanced-algos/6.jpg]
[vinija.ai/CourseraML/assets/advanced-algos/7.jpg]
[vinija.ai/CourseraML/assets/advanced-algos/8.jpg]
[vinija.ai/CourseraML/assets/advanced-algos/9.jpg]
[vinija.ai/CourseraML/assets/advanced-algos/10.jpg]
[vinija.ai/CourseraML/assets/advanced-algos/11.jpg]
[vinija.ai/CourseraML/assets/advanced-algos/12.jpg]
[vinija.ai/CourseraML/assets/advanced-algos/13.jpg]
[vinija.ai/CourseraML/assets/advanced-algos/14.jpg]
[vinija.ai/CourseraML/assets/advanced-algos/15.jpg]
[vinija.ai/CourseraML/advanced-algos/index.html]
[vinija.ai/CourseraML/assets/unsupervised-ml/1.jpg]
[vinija.ai/CourseraML/assets/unsupervised-ml/2.jpg]
[vinija.ai/CourseraML/unsupervised-ml/index.html]
[vinija.ai/CourseraDL/index-2.html]
[vinija.ai/CourseraDL/neural-networks-and-deep-learning/index.html]
[vinija.ai/CourseraDL/assets/practicalDL/1.png]
[vinija.ai/CourseraDL/assets/practicalDL/2.png]
[vinija.ai/CourseraDL/improving-deep-neural-networks/index.html]
[vinija.ai/CourseraDL/assets/structuring-machine-learning-projects/01-_Why_human-level_performance.png]
[vinija.ai/CourseraDL/structuring-machine-learning-projects/index.html]
[vinija.ai/CourseraDL/assets/CNN/10.png]
[vinija.ai/CourseraDL/assets/CNN/1.png]
[vinija.ai/CourseraDL/assets/CNN/2.png]
[vinija.ai/CourseraDL/assets/CNN/3.png]
[vinija.ai/CourseraDL/assets/CNN/4.png]
[vinija.ai/CourseraDL/assets/CNN/lenet.png]
[vinija.ai/CourseraDL/assets/CNN/alexnet.png]
[vinija.ai/CourseraDL/assets/CNN/vgg.png]
[vinija.ai/CourseraDL/assets/CNN/5.png]
[vinija.ai/CourseraDL/assets/CNN/6.png]
[vinija.ai/CourseraDL/assets/CNN/7.png]
[vinija.ai/CourseraDL/assets/CNN/8.png]
[vinija.ai/CourseraDL/assets/CNN/9.png]
[vinija.ai/CourseraDL/convolutional-neural-networks/index.html]
[vinija.ai/CourseraDL/assets/sequenceModels/1.png]
[vinija.ai/CourseraDL/assets/sequenceModels/2.png]
[vinija.ai/CourseraDL/assets/sequenceModels/3.png]
[vinija.ai/CourseraDL/assets/sequenceModels/4.png]
[vinija.ai/CourseraDL/assets/sequenceModels/5.png]
[vinija.ai/CourseraDL/assets/sequenceModels/6.png]
[vinija.ai/CourseraDL/sequence-models/index.html]
[vinija.ai/talks/index-2.html]
[vinija.ai/infra/index-2.html]
[vinija.ai/infra/assets/kinesis/1.png]
[vinija.ai/infra/assets/kinesis/2.png]
[vinija.ai/infra/assets/kinesis/3.png]
[vinija.ai/infra/kinesis/index.html]
[vinija.ai/infra/kafkastream/index.html]
[vinija.ai/infra/assets/flink/1.png]
[vinija.ai/infra/assets/flink/3.png]
[vinija.ai/infra/assets/flink/4.png]
[vinija.ai/infra/assets/flink/5.png]
[vinija.ai/infra/assets/flink/6.png]
[vinija.ai/infra/assets/flink/2.png]
[vinija.ai/infra/assets/flink/7.png]
[vinija.ai/infra/flink/index.html]
[vinija.ai/infra/sparkstream/index.html]
[vinija.ai/infra/assets/glue/1.png]
[vinija.ai/infra/assets/glue/glueconsole.png]
[vinija.ai/infra/assets/glue/crawler.png]
[vinija.ai/infra/assets/glue/crawler1.png]
[vinija.ai/infra/assets/glue/crawler2.png]
[vinija.ai/infra/assets/glue/crawler3.png]
[vinija.ai/infra/assets/glue/etl.png]
[vinija.ai/infra/assets/glue/etl2.png]
[vinija.ai/infra/assets/glue/outputetl.png]
[vinija.ai/infra/assets/glue/tranform.png]
[vinija.ai/infra/assets/glue/gluetrigger.png]
[vinija.ai/infra/glue/index.html]
[vinija.ai/infra/assets/emr/1.png]
[vinija.ai/infra/emr/index.html]
[vinija.ai/infra/assets/sagemaker/1.png]
[vinija.ai/infra/assets/sagemaker/3.png]
[vinija.ai/infra/assets/sagemaker/2.png]
[vinija.ai/infra/sagemaker/index.html]
[vinija.ai/infra/mlflow/index.html]
[vinija.ai/infra/kubeflow/index.html]
[vinija.ai/infra/docker/index.html]
[vinija.ai/infra/assets/k8/1.png]
[vinija.ai/infra/kubernetes/index.html]
[vinija.ai/recsys/assets/recsys/1D.svg]
[vinija.ai/recsys/assets/recsys/1Dmatrix.svg]
[vinija.ai/recsys/assets/recsys/2D.svg]
[vinija.ai/recsys/assets/recsys/2Dmatrix.svg]
[vinija.ai/recsys/assets/recsys/mf.svg]
[vinija.ai/recsys/assets/candgen/1.svg]
[vinija.ai/primers/ai/ann-similarity-search.html]
[vinija.ai/recsys/assets/recsys/2Dretrieval.svg]
[vinija.ai/recsys/assets/recsys/pos_bias.svg]
[vinija.ai/primers/ai/model-compression.html]
[vinija.ai/images/papers/Wide&Deep.html]
[vinija.ai/images/papers/NCF.html]
[vinija.ai/recsys/architectures/](https_/arxiv.org/abs/1906.html]
[vinija.ai/images/papers/dlrm.html]
[vinija.ai/images/papers/DHEN.html]
[vinija.ai/recsys/assets/GNN/8.webp]
[vinija.ai/recsys/assets/GNN/1.png]
[vinija.ai/recsys/assets/GNN/6.gif]
[vinija.ai/recsys/assets/GNN/7.jpg]
[vinija.ai/recsys/assets/GNN/2.webp]
[vinija.ai/recsys/assets/GNN/3.webp]
[vinija.ai/recsys/assets/GNN/4.webp]
[vinija.ai/recsys/assets/GNN/5.webp]
[vinija.ai/recsys/assets/GNN/9.png]
[vinija.ai/recsys/assets/GNN/10.png]
[vinija.ai/recsys/assets/GNN/11.png]
[vinija.ai/recsys/assets/GNN/12.png]
[vinija.ai/recsys/assets/GNN/13.png]
[vinija.ai/recsys/assets/GNN/14.png]
[vinija.ai/recsys/assets/GNN/15.png]
[vinija.ai/recsys/assets/GNN/16.png]
[vinija.ai/recsys/assets/GNN/17.png]
[vinija.ai/recsys/assets/GNN/18.webp]
[vinija.ai/recsys/assets/GNN/19.webp]
[vinija.ai/recsys/assets/GNN/20.png]
[vinija.ai/recsys/assets/GNN/21.jpg]
[vinija.ai/recsys/assets/GNN/22.gif]
[vinija.ai/recsys/GNN/index-2.html]
[vinija.ai/recsys/papers/(https_/arxiv.org/abs/2208.12724.html]
[vinija.ai/recsys/papers/assets/papers/30.html]
[vinija.ai/recsys/papers/assets/papers/31.html]
[vinija.ai/primers/ai/bert.html]
[vinija.ai/primers/ai/reinforcement-learning.html]
[vinija.ai/nlp/word-vectors//bert.html]
[vinija.ai/papers/index.html]
[vinija.ai/nlp/parameter-efficient-fine-tuning/assets/parameter-efficient-fine-tuning/LoRAoverview.html]
[vinija.ai/images/papers/RAGvsFT.html]
[vinija.ai/nlp/RAG/assets/RAG/semc.html]
[vinija.ai/nlp/RAG/assets/RAG/chunking-strategies.html]
[vinija.ai/nlp/RAG/assets/RAG/[ColPali](https_/arxiv.org/abs/2407.01449).html]
[vinija.ai/nlp/RAG/assets/RAG/contextual-retrieval.html]
[vinija.ai/nlp/ann-similarity-search.html]
[vinija.ai/images/papers/LostMiddle2.html]
[vinija.ai/images/papers/LostMiddle1.html]
[vinija.ai/images/papers/LostMiddle.html]
[vinija.ai/nlp/RAG/assets/RAG/AgenticRAG.html]
[vinija.ai/images/papers/RAG.html]
[vinija.ai/images/papers/HyDE.html]
[vinija.ai/images/papers/FTorRAG.html]
[vinija.ai/images/papers/DXR.html]
[vinija.ai/images/papers/DXR2.html]
[vinija.ai/images/papers/ARES.html]
[vinija.ai/images/papers/RAG7.html]
[vinija.ai/images/papers/RAPTOR.html]
[vinija.ai/images/papers/MultiHop-RAG.html]
[vinija.ai/images/papers/RAGvsFT2.html]
[vinija.ai/images/papers/RAFT.html]
[vinija.ai/images/papers/RAFT2.html]
[vinija.ai/images/papers/CRAG.html]
[vinija.ai/images/papers/FTvsRAG.html]
[vinija.ai/images/papers/HGOT.html]
[vinija.ai/images/papers/RAGfaithful.html]
[vinija.ai/images/papers/Adaptive-RAG.html]
[vinija.ai/images/papers/RichRAG.html]
[vinija.ai/images/papers/HiQA.html]
[vinija.ai/nlp/hypernetworks/parameter-efficient-fine-tuning.html]
[vinija.ai/concepts/prompt-engineering.html]
[vinija.ai/images/papers/CoVe.html]
[vinija.ai/primers/ai/assets/RAG/GPT4_haystack.html]
[vinija.ai/primers/ai/assets/RAG/Claude_haystack.html]
[vinija.ai/primers/ai/assets/RAG/Claude_haystack1.html]
[vinija.ai/images/papers/CoN1.html]
[vinija.ai/images/papers/CoN2.html]
[vinija.ai/images/papers/SCoT.html]
[vinija.ai/images/papers/CCoT.html]
[vinija.ai/nlp/attention/(https_/eugeneyan.com/writing/attention/).html]
[vinija.ai/transformers.html]
[vinija.ai/assets/interview/resnet.html]
[vinija.ai/images/papers/Router.html]
[vinija.ai/images/papers/MoE.html]
[vinija.ai/images/papers/V-MoE.html]
[vinija.ai/images/papers/MMoE.html]
[vinija.ai/images/papers/MOEIT.html]
[vinija.ai/images/papers/Soft-Experts.html]
[vinija.ai/images/papers/Soft-Experts2.html]
[vinija.ai/images/papers/Soft-Experts3.html]
[vinija.ai/images/papers/SwitchT.html]
[vinija.ai/images/papers/QMoE.html]
[vinija.ai/images/papers/MegaBlocks.html]
[vinija.ai/images/papers/MoE-LLaVA.html]
[vinija.ai/images/papers/MOLE.html]
[vinija.ai/images/papers/MOLE2.html]
[vinija.ai/images/papers/JetMoE.html]
[vinija.ai/nlp/GPT-4.html]
[vinija.ai/nlp/transformers/assets/transformers/rnn-transf-nlp.html]
[vinija.ai/assets/transformers/3.html]
[vinija.ai/assets/transformers/4.html]
[vinija.ai/assets/transformers/2.html]
[vinija.ai/assets/transformers/5.html]
[vinija.ai/nlp/assets/transformers/1.html]
[vinija.ai/nlp/assets/transformers/2.html]
[vinija.ai/nlp/assets/transformers/3.html]
[vinija.ai/nlp/assets/transformers/4.html]
[vinija.ai/nlp/assets/transformers/5.html]
[vinija.ai/nlp/assets/transformers/6.html]
[vinija.ai/nlp/transformers/assets/transformers/7.html]
[vinija.ai/nlp/transformers/assets/transformers/8.html]
[vinija.ai/nlp/transformers/assets/transformers/9.html]
[vinija.ai/nlp/transformers/assets/transformers/10.html]
[vinija.ai/nlp/transformers/assets/transformers/11.html]
[vinija.ai/nlp/assets/transformers/12.html]
[vinija.ai/nlp/transformers/assets/transformers/13.html]
[vinija.ai/nlp/transformers/assets/transformers/14.html]
[vinija.ai/nlp/assets/transformers/15.html]
[vinija.ai/nlp/transformers/assets/transformers/16.html]
[vinija.ai/nlp/transformers/assets/transformers/17.html]
[vinija.ai/nlp/transformers/assets/transformers/18.html]
[vinija.ai/nlp/transformers/assets/transformers/19.html]
[vinija.ai/nlp/transformers/assets/transformers/20.html]
[vinija.ai/nlp/transformers/assets/transformers/21.html]
[vinija.ai/nlp/transformers/assets/transformers/22.html]
[vinija.ai/nlp/transformers/assets/transformers/attn.html]
[vinija.ai/nlp/transformers/assets/transformers/23.html]
[vinija.ai/nlp/transformers/assets/transformers/24.html]
[vinija.ai/nlp/assets/transformers/25.html]
[vinija.ai/nlp/assets/transformers/26.html]
[vinija.ai/nlp/assets/transformers/27.html]
[vinija.ai/nlp/assets/transformers/28.html]
[vinija.ai/nlp/transformers/assets/transformers/FF.html]
[vinija.ai/nlp/transformers/assets/transformers/transformer_decoding_1.html]
[vinija.ai/nlp/transformers/assets/transformers/transformer_decoder_output_softmax.html]
[vinija.ai/nlp/transformers/assets/transformers/transformer_decoding_2.html]
[vinija.ai/nlp/transformers/assets/transformers/30.html]
[vinija.ai/nlp/transformers/assets/transformers/31.html]
[vinija.ai/nlp/transformers/assets/transformers/32.html]
[vinija.ai/nlp/transformers/assets/transformers/EMBED.html]
[vinija.ai/nlp/transformers/assets/transformers/34a.html]
[vinija.ai/nlp/transformers/assets/transformers/PE.html]
[vinija.ai/nlp/transformers/assets/transformers/36a.html]
[vinija.ai/nlp/transformers/assets/transformers/37a.html]
[vinija.ai/nlp/transformers/assets/transformers/41.html]
[vinija.ai/nlp/transformers/assets/transformers/42.html]
[vinija.ai/nlp/transformers/assets/transformers/bow.html]
[vinija.ai/nlp/transformers/assets/transformers/cbow.html]
[vinija.ai/nlp/transformers/assets/transformers/selfattn.html]
[vinija.ai/nlp/transformers/assets/transformers/attention-block.html]
[vinija.ai/nlp/transformers/assets/transformers/44.html]
[vinija.ai/nlp/transformers/assets/transformers/45.html]
[vinija.ai/assets/transformers/1.html]
[vinija.ai/nlp/transformers/assets/transformers/MHSA.html]
[vinija.ai/nlp/transformers/assets/transformers/gpt2-self-attention-3.html]
[vinija.ai/nlp/transformers/assets/transformers/KVCache.html]
[vinija.ai/nlp/model-acceleration.html]
[vinija.ai/nlp/transformers/assets/transformers/43.html]
[vinija.ai/nlp/transformers/assets/transformers/CA.html]
[vinija.ai/nlp/transformers/assets/transformers/SKIP.html]
[vinija.ai/nlp/transformers/assets/transformers/47.html]
[vinija.ai/nlp/transformers/assets/transformers/48.html]
[vinija.ai/nlp/norm.html]
[vinija.ai/nlp/transformers/assets/transformers/DEEMBED.html]
[vinija.ai/nlp/transformers/assets/transformers/49.html]
[vinija.ai/nlp/autoregressive-vs-autoencoder-models.html]
[vinija.ai/nlp/assets/transformers/50.html]
[vinija.ai/nlp/transformers/assets/transformers/encoder-decoder.html]
[vinija.ai/nlp/transformers/assets/transformers/encoder-decoder-dair1.html]
[vinija.ai/nlp/transformers/assets/transformers/encoder-decoder-dair2.html]
[vinija.ai/nlp/transformers/assets/transformers/model-arch.html]
[vinija.ai/nlp/transformers/assets/transformers/overall.html]
[vinija.ai/nlp/transformers/assets/transformers/sf330.html]
[vinija.ai/nlp/transformers/assets/transformers/transformer-block.html]
[vinija.ai/nlp/transformers/assets/transformers/gnn-social-network.html]
[vinija.ai/nlp/transformers/assets/transformers/gnn-block.html]
[vinija.ai/nlp/transformers/assets/transformers/gnn-nlp.html]
[vinija.ai/nlp/gnns.html]
[vinija.ai/nlp/transformers/assets/inductive-bias/ib.html]
[vinija.ai/nlp/transformers/assets/transformers/syntax-tree.html]
[vinija.ai/nlp/transformers/assets/transformers/long-term-depend.html]
[vinija.ai/nlp/transformers/assets/transformers/attention-heads.html]
[vinija.ai/nlp/transformers/assets/transformers/choose.html]
[vinija.ai/nlp/transformers/assets/transformers/illustration.html]
[vinija.ai/nlp/transformers/assets/transformers/math.html]
[vinija.ai/nlp/transformers/assets/transformers/code.html]
[vinija.ai/nlp/transformers/assets/transformers/code-tf.html]
[vinija.ai/nlp/transformers/assets/transformers/paper.html]
[vinija.ai/nlp/transformers/assets/transformers/hf.html]
[vinija.ai/nlp/transformers/assets/transformers/inferenceA.html]
[vinija.ai/nlp/transformers/assets/transformers/taxonomy.html]
[vinija.ai/nlp/transformers/assets/transformers/JayModyGPT60.html]
[vinija.ai/nlp/transformers/assets/transformers/x-transformers.html]
[vinija.ai/nlp/transformers/assets/transformers/KVcache-2.html]
[vinija.ai/nlp/transformers/assets/transformers/TransformerPoster.html]
[vinija.ai/parameter-efficient-fine-tuning.html]
[vinija.ai/nlp/concepts/RLHF.html]
[vinija.ai/nlp/assets/generativeAI/1.svg]
[vinija.ai/models/diffusion.html]
[vinija.ai/models/gpt.html]
[vinija.ai/vision/vision/assets/vision/1.html]
[vinija.ai/concepts/reinforcement-finetuning/assets/RFT/WhenToUseRFT.html]
[vinija.ai/concepts/loss/www.evergreeninnovations.html]
[vinija.ai/concepts/model-compression/ons.html]
[vinija.ai/images/papers/CAI.html]
[vinija.ai/images/papers/ReST.html]
[vinija.ai/images/papers/BHD.html]
[vinija.ai/images/papers/HALO.html]
[vinija.ai/images/papers/GPO.html]
[vinija.ai/images/papers/GPO_2.html]
[vinija.ai/images/papers/ICDPO.html]
[vinija.ai/concepts/llm-alignment/assets/LLM/Alignment.html]
[vinija.ai/concepts/svm-kernel-trick.html]
[vinija.ai/concepts/ml-comp/assets/ml-comp/10.html]
[vinija.ai/concepts/dl-comp/assets/inductive-bias/ib.html]
[vinija.ai/concepts/gnn/assets/gnns/gnn.html]
[vinija.ai/concepts/gnn/assets/gnns/1.html]
[vinija.ai/concepts/assets/gnns/8.html]
[vinija.ai/concepts/gnn/assets/gnns/6.html]
[vinija.ai/concepts/gnn/assets/gnns/7.html]
[vinija.ai/concepts/gnn/assets/gnns/2.html]
[vinija.ai/concepts/gnn/assets/gnns/3.html]
[vinija.ai/concepts/gnn/assets/gnns/4.html]
[vinija.ai/concepts/gnn/assets/gnns/5.html]
[vinija.ai/models/llm-alignment/index.html]
[vinija.ai/images/papers/Sky-T1.html]
[vinija.ai/images/papers/Kimi-K1.5.html]
[vinija.ai/models/transformers/index-2.html]
[vinija.ai/models/autoregressive-vs-autoencoder-models.html]
[vinija.ai/models/tokenizer.html]
[vinija.ai/models/transformers.html]
[vinija.ai/models/token-sampling.html]
[vinija.ai/models/prompt-engineering.html]
[vinija.ai/models/context-length-extension.html]
[vinija.ai/models/LLM/assets/RAG/GPT4_haystack.html]
[vinija.ai/models/LLM/assets/RAG/Claude_haystack.html]
[vinija.ai/models/LLM/assets/RAG/Claude_context.html]
[vinija.ai/models/LLM/assets/RAG/Claude_haystack1.html]
[vinija.ai/models/LLM/assets/RAG/RAGvsUltraLongContext.html]
[vinija.ai/models/RAG.html]
[vinija.ai/images/papers/MT-Bench.html]
[vinija.ai/models/LLM/(https_/blog.gopenai.com/how-to-speed-up-llms-and-use-100k-context-window-all-tricks-in-one-place-ffd40577b4c).html]
[vinija.ai/images/papers/RMT1T.html]
[vinija.ai/images/papers/Hyena.html]
[vinija.ai/images/papers/PI.html]
[vinija.ai/models/llama.html]
[vinija.ai/images/papers/Llama2RLHF.html]
[vinija.ai/images/papers/Llama_overv.html]
[vinija.ai/images/papers/LLama2Summ.html]
[vinija.ai/models/GPT-4.html]
[vinija.ai/images/papers/Pythia.html]
[vinija.ai/images/papers/Textbooks.html]
[vinija.ai/images/papers/SlidingWindowAttention.html]
[vinija.ai/images/papers/Mixtral.html]
[vinija.ai/images/papers/Starling.html]
[vinija.ai/images/papers/NexusRaven1.html]
[vinija.ai/images/papers/NexusRaven2.html]
[vinija.ai/images/papers/OpenChat.html]
[vinija.ai/images/papers/phi-1.5.html]
[vinija.ai/images/papers/Phi-2.html]
[vinija.ai/images/papers/LLM360.html]
[vinija.ai/models/LLM/assets/LLM/DBRX.html]
[vinija.ai/images/papers/Gemini1.html]
[vinija.ai/images/papers/Gemini2.html]
[vinija.ai/images/papers/Gemini3.html]
[vinija.ai/images/papers/Gemini4.html]
[vinija.ai/images/papers/Gemini5.html]
[vinija.ai/images/papers/Gemma.html]
[vinija.ai/images/papers/Med-PaLM2.html]
[vinija.ai/images/papers/MediTron.html]
[vinija.ai/images/papers/Tamil-LLaMA.html]
[vinija.ai/images/papers/Tamil-LLaMA2.html]
[vinija.ai/images/papers/Airavata.html]
[vinija.ai/models/rlhf.html]
[vinija.ai/models/VisualChatGPT.html]
[vinija.ai/models/bert/h.html]
[vinija.ai/models/bert/assets/bert/goog_bert.html]
[vinija.ai/images/read/bert_first.html]
[vinija.ai/images/papers/LatentDiffusionModel.html]
[vinija.ai/images/papers/DiT.html]
[vinija.ai/images/papers/DeepFloydIF2.html]
[vinija.ai/images/papers/DeepFloydIF.html]
[vinija.ai/images/papers/PIXART.html]
[vinija.ai/images/papers/RAPHAEL.html]
[vinija.ai/images/papers/ERNIE-ViLG2.html]
[vinija.ai/images/papers/ImagenVideo.html]
[vinija.ai/images/papers/NaViT.html]
[vinija.ai/images/papers/SDXL.html]
[vinija.ai/images/papers/Dreamix1.html]
[vinija.ai/images/papers/Dreamix2.html]
[vinija.ai/images/papers/SVD.html]
[vinija.ai/models/Toolformer/(https_/arxiv.org/pdf/2302.04761.html]
[vinija.ai/CourseraML/supervised-ml/assets/fundamentals/1.html]
[vinija.ai/CourseraML/supervised-ml/assets/fundamentals/2.html]
[vinija.ai/CourseraML/supervised-ml/assets/interview/gd.html]
